ERROR - 2026-05-09 00:00:17 --> Error connecting to the database: mysqli_sql_exception: Access denied for user ''@'localhost' (using password: NO) in C:\Users\Mikael\Documents\teste-genisis\vendor\codeigniter4\framework\system\Database\MySQLi\Connection.php:201
Stack trace:
#0 C:\Users\Mikael\Documents\teste-genisis\vendor\codeigniter4\framework\system\Database\MySQLi\Connection.php(201): mysqli->real_connect()
#1 C:\Users\Mikael\Documents\teste-genisis\vendor\codeigniter4\framework\system\Database\BaseConnection.php(555): CodeIgniter\Database\MySQLi\Connection->connect()
#2 C:\Users\Mikael\Documents\teste-genisis\vendor\codeigniter4\framework\system\Database\BaseConnection.php(795): CodeIgniter\Database\BaseConnection->initialize()
#3 C:\Users\Mikael\Documents\teste-genisis\vendor\codeigniter4\framework\system\Database\BaseConnection.php(1706): CodeIgniter\Database\BaseConnection->query()
#4 C:\Users\Mikael\Documents\teste-genisis\vendor\codeigniter4\framework\system\Database\BaseConnection.php(1726): CodeIgniter\Database\BaseConnection->listTables()
#5 C:\Users\Mikael\Documents\teste-genisis\vendor\codeigniter4\framework\system\Database\MigrationRunner.php(821): CodeIgniter\Database\BaseConnection->tableExists()
#6 C:\Users\Mikael\Documents\teste-genisis\vendor\codeigniter4\framework\system\Database\MigrationRunner.php(173): CodeIgniter\Database\MigrationRunner->ensureTable()
#7 C:\Users\Mikael\Documents\teste-genisis\vendor\codeigniter4\framework\system\Commands\Database\Migrate.php(89): CodeIgniter\Database\MigrationRunner->latest()
#8 C:\Users\Mikael\Documents\teste-genisis\vendor\codeigniter4\framework\system\CLI\SignalTrait.php(245): CodeIgniter\Commands\Database\Migrate::{closure:CodeIgniter\Commands\Database\Migrate::run():88}()
#9 C:\Users\Mikael\Documents\teste-genisis\vendor\codeigniter4\framework\system\Commands\Database\Migrate.php(88): CodeIgniter\Commands\Database\Migrate->withSignalsBlocked()
#10 C:\Users\Mikael\Documents\teste-genisis\vendor\codeigniter4\framework\system\CLI\Commands.php(74): CodeIgniter\Commands\Database\Migrate->run()
#11 C:\Users\Mikael\Documents\teste-genisis\vendor\codeigniter4\framework\system\CLI\Console.php(47): CodeIgniter\CLI\Commands->run()
#12 C:\Users\Mikael\Documents\teste-genisis\vendor\codeigniter4\framework\system\Boot.php(442): CodeIgniter\CLI\Console->run()
#13 C:\Users\Mikael\Documents\teste-genisis\vendor\codeigniter4\framework\system\Boot.php(166): CodeIgniter\Boot::runCommand()
#14 C:\Users\Mikael\Documents\teste-genisis\spark(87): CodeIgniter\Boot::bootSpark()
#15 {main}

Next CodeIgniter\Database\Exceptions\DatabaseException: Access denied for user ''@'localhost' (using password: NO) in C:\Users\Mikael\Documents\teste-genisis\vendor\codeigniter4\framework\system\Database\MySQLi\Connection.php:231
Stack trace:
#0 C:\Users\Mikael\Documents\teste-genisis\vendor\codeigniter4\framework\system\Database\BaseConnection.php(555): CodeIgniter\Database\MySQLi\Connection->connect()
#1 C:\Users\Mikael\Documents\teste-genisis\vendor\codeigniter4\framework\system\Database\BaseConnection.php(795): CodeIgniter\Database\BaseConnection->initialize()
#2 C:\Users\Mikael\Documents\teste-genisis\vendor\codeigniter4\framework\system\Database\BaseConnection.php(1706): CodeIgniter\Database\BaseConnection->query()
#3 C:\Users\Mikael\Documents\teste-genisis\vendor\codeigniter4\framework\system\Database\BaseConnection.php(1726): CodeIgniter\Database\BaseConnection->listTables()
#4 C:\Users\Mikael\Documents\teste-genisis\vendor\codeigniter4\framework\system\Database\MigrationRunner.php(821): CodeIgniter\Database\BaseConnection->tableExists()
#5 C:\Users\Mikael\Documents\teste-genisis\vendor\codeigniter4\framework\system\Database\MigrationRunner.php(173): CodeIgniter\Database\MigrationRunner->ensureTable()
#6 C:\Users\Mikael\Documents\teste-genisis\vendor\codeigniter4\framework\system\Commands\Database\Migrate.php(89): CodeIgniter\Database\MigrationRunner->latest()
#7 C:\Users\Mikael\Documents\teste-genisis\vendor\codeigniter4\framework\system\CLI\SignalTrait.php(245): CodeIgniter\Commands\Database\Migrate::{closure:CodeIgniter\Commands\Database\Migrate::run():88}()
#8 C:\Users\Mikael\Documents\teste-genisis\vendor\codeigniter4\framework\system\Commands\Database\Migrate.php(88): CodeIgniter\Commands\Database\Migrate->withSignalsBlocked()
#9 C:\Users\Mikael\Documents\teste-genisis\vendor\codeigniter4\framework\system\CLI\Commands.php(74): CodeIgniter\Commands\Database\Migrate->run()
#10 C:\Users\Mikael\Documents\teste-genisis\vendor\codeigniter4\framework\system\CLI\Console.php(47): CodeIgniter\CLI\Commands->run()
#11 C:\Users\Mikael\Documents\teste-genisis\vendor\codeigniter4\framework\system\Boot.php(442): CodeIgniter\CLI\Console->run()
#12 C:\Users\Mikael\Documents\teste-genisis\vendor\codeigniter4\framework\system\Boot.php(166): CodeIgniter\Boot::runCommand()
#13 C:\Users\Mikael\Documents\teste-genisis\spark(87): CodeIgniter\Boot::bootSpark()
#14 {main}
ERROR - 2026-05-09 00:02:51 --> Error connecting to the database: CodeIgniter\Database\Exceptions\DatabaseException: ERROR:  invalid value for parameter "client_encoding": "utf8mb4" in C:\Users\Mikael\Documents\teste-genisis\vendor\codeigniter4\framework\system\Database\Postgre\Connection.php:98
Stack trace:
#0 C:\Users\Mikael\Documents\teste-genisis\vendor\codeigniter4\framework\system\Database\BaseConnection.php(555): CodeIgniter\Database\Postgre\Connection->connect()
#1 C:\Users\Mikael\Documents\teste-genisis\vendor\codeigniter4\framework\system\Database\BaseConnection.php(795): CodeIgniter\Database\BaseConnection->initialize()
#2 C:\Users\Mikael\Documents\teste-genisis\vendor\codeigniter4\framework\system\Database\BaseConnection.php(1706): CodeIgniter\Database\BaseConnection->query()
#3 C:\Users\Mikael\Documents\teste-genisis\vendor\codeigniter4\framework\system\Database\BaseConnection.php(1726): CodeIgniter\Database\BaseConnection->listTables()
#4 C:\Users\Mikael\Documents\teste-genisis\vendor\codeigniter4\framework\system\Database\MigrationRunner.php(821): CodeIgniter\Database\BaseConnection->tableExists()
#5 C:\Users\Mikael\Documents\teste-genisis\vendor\codeigniter4\framework\system\Database\MigrationRunner.php(173): CodeIgniter\Database\MigrationRunner->ensureTable()
#6 C:\Users\Mikael\Documents\teste-genisis\vendor\codeigniter4\framework\system\Commands\Database\Migrate.php(89): CodeIgniter\Database\MigrationRunner->latest()
#7 C:\Users\Mikael\Documents\teste-genisis\vendor\codeigniter4\framework\system\CLI\SignalTrait.php(245): CodeIgniter\Commands\Database\Migrate::{closure:CodeIgniter\Commands\Database\Migrate::run():88}()
#8 C:\Users\Mikael\Documents\teste-genisis\vendor\codeigniter4\framework\system\Commands\Database\Migrate.php(88): CodeIgniter\Commands\Database\Migrate->withSignalsBlocked()
#9 C:\Users\Mikael\Documents\teste-genisis\vendor\codeigniter4\framework\system\CLI\Commands.php(74): CodeIgniter\Commands\Database\Migrate->run()
#10 C:\Users\Mikael\Documents\teste-genisis\vendor\codeigniter4\framework\system\CLI\Console.php(47): CodeIgniter\CLI\Commands->run()
#11 C:\Users\Mikael\Documents\teste-genisis\vendor\codeigniter4\framework\system\Boot.php(442): CodeIgniter\CLI\Console->run()
#12 C:\Users\Mikael\Documents\teste-genisis\vendor\codeigniter4\framework\system\Boot.php(166): CodeIgniter\Boot::runCommand()
#13 C:\Users\Mikael\Documents\teste-genisis\spark(87): CodeIgniter\Boot::bootSpark()
#14 {main}
CRITICAL - 2026-05-09 22:19:37 --> Error: Call to a member function listar() on null
[Method: GET, Route: estabelecimentos]
in APPPATH\Controllers\EstabelecimentoController.php on line 20.
 1 SYSTEMPATH\CodeIgniter.php(951): App\Controllers\EstabelecimentoController->index()
 2 SYSTEMPATH\CodeIgniter.php(497): CodeIgniter\CodeIgniter->runController()
 3 SYSTEMPATH\CodeIgniter.php(340): CodeIgniter\CodeIgniter->handleRequest()
 4 SYSTEMPATH\Boot.php(417): CodeIgniter\CodeIgniter->run()
 5 SYSTEMPATH\Boot.php(68): CodeIgniter\Boot::runCodeIgniter()
 6 FCPATH\index.php(59): CodeIgniter\Boot::bootWeb()
 7 SYSTEMPATH\rewrite.php(44): require_once('C:\\Users\\Mikael\\Documents\\teste-genisis\\public\\index.php')
CRITICAL - 2026-05-09 22:26:45 --> Error: Call to a member function listar() on null
[Method: GET, Route: estabelecimentos]
in APPPATH\Controllers\EstabelecimentoController.php on line 19.
 1 SYSTEMPATH\CodeIgniter.php(951): App\Controllers\EstabelecimentoController->index()
 2 SYSTEMPATH\CodeIgniter.php(497): CodeIgniter\CodeIgniter->runController()
 3 SYSTEMPATH\CodeIgniter.php(340): CodeIgniter\CodeIgniter->handleRequest()
 4 SYSTEMPATH\Boot.php(417): CodeIgniter\CodeIgniter->run()
 5 SYSTEMPATH\Boot.php(68): CodeIgniter\Boot::runCodeIgniter()
 6 FCPATH\index.php(59): CodeIgniter\Boot::bootWeb()
 7 SYSTEMPATH\rewrite.php(44): require_once('C:\\Users\\Mikael\\Documents\\teste-genisis\\public\\index.php')
CRITICAL - 2026-05-09 22:28:00 --> Error: Call to a member function listar() on null
[Method: GET, Route: estabelecimentos]
in APPPATH\Controllers\EstabelecimentoController.php on line 19.
 1 SYSTEMPATH\CodeIgniter.php(951): App\Controllers\EstabelecimentoController->index()
 2 SYSTEMPATH\CodeIgniter.php(497): CodeIgniter\CodeIgniter->runController()
 3 SYSTEMPATH\CodeIgniter.php(340): CodeIgniter\CodeIgniter->handleRequest()
 4 SYSTEMPATH\Boot.php(417): CodeIgniter\CodeIgniter->run()
 5 SYSTEMPATH\Boot.php(68): CodeIgniter\Boot::runCodeIgniter()
 6 FCPATH\index.php(59): CodeIgniter\Boot::bootWeb()
 7 SYSTEMPATH\rewrite.php(44): require_once('C:\\Users\\Mikael\\Documents\\teste-genisis\\public\\index.php')
CRITICAL - 2026-05-09 22:29:46 --> Error: Call to a member function listar() on null
[Method: GET, Route: patrimonios]
in APPPATH\Controllers\PatrimonioController.php on line 20.
 1 SYSTEMPATH\CodeIgniter.php(951): App\Controllers\PatrimonioController->index()
 2 SYSTEMPATH\CodeIgniter.php(497): CodeIgniter\CodeIgniter->runController()
 3 SYSTEMPATH\CodeIgniter.php(340): CodeIgniter\CodeIgniter->handleRequest()
 4 SYSTEMPATH\Boot.php(417): CodeIgniter\CodeIgniter->run()
 5 SYSTEMPATH\Boot.php(68): CodeIgniter\Boot::runCodeIgniter()
 6 FCPATH\index.php(59): CodeIgniter\Boot::bootWeb()
 7 SYSTEMPATH\rewrite.php(44): require_once('C:\\Users\\Mikael\\Documents\\teste-genisis\\public\\index.php')
CRITICAL - 2026-05-09 22:34:29 --> Error: Call to a member function listar() on null
[Method: GET, Route: patrimonios]
in APPPATH\Controllers\PatrimonioController.php on line 20.
 1 SYSTEMPATH\CodeIgniter.php(951): App\Controllers\PatrimonioController->index()
 2 SYSTEMPATH\CodeIgniter.php(497): CodeIgniter\CodeIgniter->runController()
 3 SYSTEMPATH\CodeIgniter.php(340): CodeIgniter\CodeIgniter->handleRequest()
 4 SYSTEMPATH\Boot.php(417): CodeIgniter\CodeIgniter->run()
 5 SYSTEMPATH\Boot.php(68): CodeIgniter\Boot::runCodeIgniter()
 6 FCPATH\index.php(59): CodeIgniter\Boot::bootWeb()
 7 SYSTEMPATH\rewrite.php(44): require_once('C:\\Users\\Mikael\\Documents\\teste-genisis\\public\\index.php')
CRITICAL - 2026-05-09 22:35:01 --> Error: Call to a member function listar() on null
[Method: GET, Route: patrimonios]
in APPPATH\Controllers\PatrimonioController.php on line 20.
 1 SYSTEMPATH\CodeIgniter.php(951): App\Controllers\PatrimonioController->index()
 2 SYSTEMPATH\CodeIgniter.php(497): CodeIgniter\CodeIgniter->runController()
 3 SYSTEMPATH\CodeIgniter.php(340): CodeIgniter\CodeIgniter->handleRequest()
 4 SYSTEMPATH\Boot.php(417): CodeIgniter\CodeIgniter->run()
 5 SYSTEMPATH\Boot.php(68): CodeIgniter\Boot::runCodeIgniter()
 6 FCPATH\index.php(59): CodeIgniter\Boot::bootWeb()
 7 SYSTEMPATH\rewrite.php(44): require_once('C:\\Users\\Mikael\\Documents\\teste-genisis\\public\\index.php')
CRITICAL - 2026-05-09 22:35:44 --> Error: Class "App\Controllers\PatrimonioService" not found
[Method: GET, Route: patrimonios]
in APPPATH\Controllers\PatrimonioController.php on line 14.
 1 SYSTEMPATH\CodeIgniter.php(921): App\Controllers\PatrimonioController->__construct()
 2 SYSTEMPATH\CodeIgniter.php(488): CodeIgniter\CodeIgniter->createController()
 3 SYSTEMPATH\CodeIgniter.php(340): CodeIgniter\CodeIgniter->handleRequest()
 4 SYSTEMPATH\Boot.php(417): CodeIgniter\CodeIgniter->run()
 5 SYSTEMPATH\Boot.php(68): CodeIgniter\Boot::runCodeIgniter()
 6 FCPATH\index.php(59): CodeIgniter\Boot::bootWeb()
 7 SYSTEMPATH\rewrite.php(44): require_once('C:\\Users\\Mikael\\Documents\\teste-genisis\\public\\index.php')
CRITICAL - 2026-05-09 22:37:38 --> Error: Class "App\Controllers\PatrimonioService" not found
[Method: GET, Route: patrimonios]
in APPPATH\Controllers\PatrimonioController.php on line 16.
 1 SYSTEMPATH\CodeIgniter.php(921): App\Controllers\PatrimonioController->__construct()
 2 SYSTEMPATH\CodeIgniter.php(488): CodeIgniter\CodeIgniter->createController()
 3 SYSTEMPATH\CodeIgniter.php(340): CodeIgniter\CodeIgniter->handleRequest()
 4 SYSTEMPATH\Boot.php(417): CodeIgniter\CodeIgniter->run()
 5 SYSTEMPATH\Boot.php(68): CodeIgniter\Boot::runCodeIgniter()
 6 FCPATH\index.php(59): CodeIgniter\Boot::bootWeb()
 7 SYSTEMPATH\rewrite.php(44): require_once('C:\\Users\\Mikael\\Documents\\teste-genisis\\public\\index.php')
CRITICAL - 2026-05-09 22:37:40 --> Error: Class "App\Controllers\PatrimonioService" not found
[Method: GET, Route: patrimonios]
in APPPATH\Controllers\PatrimonioController.php on line 16.
 1 SYSTEMPATH\CodeIgniter.php(921): App\Controllers\PatrimonioController->__construct()
 2 SYSTEMPATH\CodeIgniter.php(488): CodeIgniter\CodeIgniter->createController()
 3 SYSTEMPATH\CodeIgniter.php(340): CodeIgniter\CodeIgniter->handleRequest()
 4 SYSTEMPATH\Boot.php(417): CodeIgniter\CodeIgniter->run()
 5 SYSTEMPATH\Boot.php(68): CodeIgniter\Boot::runCodeIgniter()
 6 FCPATH\index.php(59): CodeIgniter\Boot::bootWeb()
 7 SYSTEMPATH\rewrite.php(44): require_once('C:\\Users\\Mikael\\Documents\\teste-genisis\\public\\index.php')
CRITICAL - 2026-05-09 22:39:37 --> Error: Class "App\Services\patrimonioServices" not found
[Method: GET, Route: patrimonios]
in APPPATH\Controllers\PatrimonioController.php on line 16.
 1 SYSTEMPATH\CodeIgniter.php(921): App\Controllers\PatrimonioController->__construct()
 2 SYSTEMPATH\CodeIgniter.php(488): CodeIgniter\CodeIgniter->createController()
 3 SYSTEMPATH\CodeIgniter.php(340): CodeIgniter\CodeIgniter->handleRequest()
 4 SYSTEMPATH\Boot.php(417): CodeIgniter\CodeIgniter->run()
 5 SYSTEMPATH\Boot.php(68): CodeIgniter\Boot::runCodeIgniter()
 6 FCPATH\index.php(59): CodeIgniter\Boot::bootWeb()
 7 SYSTEMPATH\rewrite.php(44): require_once('C:\\Users\\Mikael\\Documents\\teste-genisis\\public\\index.php')
CRITICAL - 2026-05-09 22:39:39 --> Error: Class "App\Services\patrimonioServices" not found
[Method: GET, Route: patrimonios]
in APPPATH\Controllers\PatrimonioController.php on line 16.
 1 SYSTEMPATH\CodeIgniter.php(921): App\Controllers\PatrimonioController->__construct()
 2 SYSTEMPATH\CodeIgniter.php(488): CodeIgniter\CodeIgniter->createController()
 3 SYSTEMPATH\CodeIgniter.php(340): CodeIgniter\CodeIgniter->handleRequest()
 4 SYSTEMPATH\Boot.php(417): CodeIgniter\CodeIgniter->run()
 5 SYSTEMPATH\Boot.php(68): CodeIgniter\Boot::runCodeIgniter()
 6 FCPATH\index.php(59): CodeIgniter\Boot::bootWeb()
 7 SYSTEMPATH\rewrite.php(44): require_once('C:\\Users\\Mikael\\Documents\\teste-genisis\\public\\index.php')
CRITICAL - 2026-05-09 22:40:08 --> Error: Class "App\Services\patrimonioServices" not found
[Method: GET, Route: patrimonios]
in APPPATH\Controllers\PatrimonioController.php on line 16.
 1 SYSTEMPATH\CodeIgniter.php(921): App\Controllers\PatrimonioController->__construct()
 2 SYSTEMPATH\CodeIgniter.php(488): CodeIgniter\CodeIgniter->createController()
 3 SYSTEMPATH\CodeIgniter.php(340): CodeIgniter\CodeIgniter->handleRequest()
 4 SYSTEMPATH\Boot.php(417): CodeIgniter\CodeIgniter->run()
 5 SYSTEMPATH\Boot.php(68): CodeIgniter\Boot::runCodeIgniter()
 6 FCPATH\index.php(59): CodeIgniter\Boot::bootWeb()
 7 SYSTEMPATH\rewrite.php(44): require_once('C:\\Users\\Mikael\\Documents\\teste-genisis\\public\\index.php')
CRITICAL - 2026-05-09 22:41:46 --> Error: Class "App\Controllers\PatrimonioService" not found
[Method: GET, Route: patrimonios]
in APPPATH\Controllers\PatrimonioController.php on line 16.
 1 SYSTEMPATH\CodeIgniter.php(921): App\Controllers\PatrimonioController->__construct()
 2 SYSTEMPATH\CodeIgniter.php(488): CodeIgniter\CodeIgniter->createController()
 3 SYSTEMPATH\CodeIgniter.php(340): CodeIgniter\CodeIgniter->handleRequest()
 4 SYSTEMPATH\Boot.php(417): CodeIgniter\CodeIgniter->run()
 5 SYSTEMPATH\Boot.php(68): CodeIgniter\Boot::runCodeIgniter()
 6 FCPATH\index.php(59): CodeIgniter\Boot::bootWeb()
 7 SYSTEMPATH\rewrite.php(44): require_once('C:\\Users\\Mikael\\Documents\\teste-genisis\\public\\index.php')
CRITICAL - 2026-05-09 22:41:48 --> Error: Class "App\Controllers\PatrimonioService" not found
[Method: GET, Route: patrimonios]
in APPPATH\Controllers\PatrimonioController.php on line 16.
 1 SYSTEMPATH\CodeIgniter.php(921): App\Controllers\PatrimonioController->__construct()
 2 SYSTEMPATH\CodeIgniter.php(488): CodeIgniter\CodeIgniter->createController()
 3 SYSTEMPATH\CodeIgniter.php(340): CodeIgniter\CodeIgniter->handleRequest()
 4 SYSTEMPATH\Boot.php(417): CodeIgniter\CodeIgniter->run()
 5 SYSTEMPATH\Boot.php(68): CodeIgniter\Boot::runCodeIgniter()
 6 FCPATH\index.php(59): CodeIgniter\Boot::bootWeb()
 7 SYSTEMPATH\rewrite.php(44): require_once('C:\\Users\\Mikael\\Documents\\teste-genisis\\public\\index.php')
CRITICAL - 2026-05-09 22:42:39 --> Error: Class "App\Controllers\PatrimonioService" not found
[Method: GET, Route: patrimonios]
in APPPATH\Controllers\PatrimonioController.php on line 16.
 1 SYSTEMPATH\CodeIgniter.php(921): App\Controllers\PatrimonioController->__construct()
 2 SYSTEMPATH\CodeIgniter.php(488): CodeIgniter\CodeIgniter->createController()
 3 SYSTEMPATH\CodeIgniter.php(340): CodeIgniter\CodeIgniter->handleRequest()
 4 SYSTEMPATH\Boot.php(417): CodeIgniter\CodeIgniter->run()
 5 SYSTEMPATH\Boot.php(68): CodeIgniter\Boot::runCodeIgniter()
 6 FCPATH\index.php(59): CodeIgniter\Boot::bootWeb()
 7 SYSTEMPATH\rewrite.php(44): require_once('C:\\Users\\Mikael\\Documents\\teste-genisis\\public\\index.php')
ERROR - 2026-05-09 22:43:47 --> Error connecting to the database: ErrorException: pg_connect(): Unable to connect to PostgreSQL server: connection to server at &quot;localhost&quot; (::1), port 5432 failed: Connection refused (0x0000274D/10061)
	Is the server running on that host and accepting TCP/IP connections?
connection to server at &quot;localhost&quot; (127.0.0.1), port 5432 failed: Connection refused (0x0000274D/10061)
	Is the server running on that host and accepting TCP/IP connections? in C:\Users\Mikael\Documents\teste-genisis\vendor\codeigniter4\framework\system\Database\Postgre\Connection.php:78
Stack trace:
#0 [internal function]: CodeIgniter\Debug\Exceptions->errorHandler()
#1 C:\Users\Mikael\Documents\teste-genisis\vendor\codeigniter4\framework\system\Database\Postgre\Connection.php(78): pg_connect()
#2 C:\Users\Mikael\Documents\teste-genisis\vendor\codeigniter4\framework\system\Database\BaseConnection.php(555): CodeIgniter\Database\Postgre\Connection->connect()
#3 C:\Users\Mikael\Documents\teste-genisis\vendor\codeigniter4\framework\system\Database\BaseConnection.php(795): CodeIgniter\Database\BaseConnection->initialize()
#4 C:\Users\Mikael\Documents\teste-genisis\vendor\codeigniter4\framework\system\Database\BaseBuilder.php(1649): CodeIgniter\Database\BaseConnection->query()
#5 C:\Users\Mikael\Documents\teste-genisis\vendor\codeigniter4\framework\system\Model.php(253): CodeIgniter\Database\BaseBuilder->get()
#6 C:\Users\Mikael\Documents\teste-genisis\vendor\codeigniter4\framework\system\BaseModel.php(676): CodeIgniter\Model->doFindAll()
#7 C:\Users\Mikael\Documents\teste-genisis\app\Services\PatrimonioService.php(15): CodeIgniter\BaseModel->findAll()
#8 C:\Users\Mikael\Documents\teste-genisis\app\Controllers\PatrimonioController.php(22): App\Services\PatrimonioService->listar()
#9 C:\Users\Mikael\Documents\teste-genisis\vendor\codeigniter4\framework\system\CodeIgniter.php(951): App\Controllers\PatrimonioController->index()
#10 C:\Users\Mikael\Documents\teste-genisis\vendor\codeigniter4\framework\system\CodeIgniter.php(497): CodeIgniter\CodeIgniter->runController()
#11 C:\Users\Mikael\Documents\teste-genisis\vendor\codeigniter4\framework\system\CodeIgniter.php(340): CodeIgniter\CodeIgniter->handleRequest()
#12 C:\Users\Mikael\Documents\teste-genisis\vendor\codeigniter4\framework\system\Boot.php(417): CodeIgniter\CodeIgniter->run()
#13 C:\Users\Mikael\Documents\teste-genisis\vendor\codeigniter4\framework\system\Boot.php(68): CodeIgniter\Boot::runCodeIgniter()
#14 C:\Users\Mikael\Documents\teste-genisis\public\index.php(59): CodeIgniter\Boot::bootWeb()
#15 C:\Users\Mikael\Documents\teste-genisis\vendor\codeigniter4\framework\system\rewrite.php(44): require_once('...')
#16 {main}
CRITICAL - 2026-05-09 22:43:47 --> CodeIgniter\Database\Exceptions\DatabaseException: Unable to connect to the database.
Main connection [Postgre]: pg_connect(): Unable to connect to PostgreSQL server: connection to server at &quot;localhost&quot; (::1), port 5432 failed: Connection refused (0x0000274D/10061)
	Is the server running on that host and accepting TCP/IP connections?
connection to server at &quot;localhost&quot; (127.0.0.1), port 5432 failed: Connection refused (0x0000274D/10061)
	Is the server running on that host and accepting TCP/IP connections?
[Method: GET, Route: patrimonios]
in SYSTEMPATH\Database\BaseConnection.php on line 606.
 1 SYSTEMPATH\Database\BaseConnection.php(795): CodeIgniter\Database\BaseConnection->initialize()
 2 SYSTEMPATH\Database\BaseBuilder.php(1649): CodeIgniter\Database\BaseConnection->query()
 3 SYSTEMPATH\Model.php(253): CodeIgniter\Database\BaseBuilder->get()
 4 SYSTEMPATH\BaseModel.php(676): CodeIgniter\Model->doFindAll()
 5 APPPATH\Services\PatrimonioService.php(15): CodeIgniter\BaseModel->findAll()
 6 APPPATH\Controllers\PatrimonioController.php(22): App\Services\PatrimonioService->listar()
 7 SYSTEMPATH\CodeIgniter.php(951): App\Controllers\PatrimonioController->index()
 8 SYSTEMPATH\CodeIgniter.php(497): CodeIgniter\CodeIgniter->runController()
 9 SYSTEMPATH\CodeIgniter.php(340): CodeIgniter\CodeIgniter->handleRequest()
10 SYSTEMPATH\Boot.php(417): CodeIgniter\CodeIgniter->run()
11 SYSTEMPATH\Boot.php(68): CodeIgniter\Boot::runCodeIgniter()
12 FCPATH\index.php(59): CodeIgniter\Boot::bootWeb()
13 SYSTEMPATH\rewrite.php(44): require_once('C:\\Users\\Mikael\\Documents\\teste-genisis\\public\\index.php')
ERROR - 2026-05-09 22:47:55 --> Error connecting to the database: mysqli_sql_exception: Unknown database 'ci4' in C:\Users\Mikael\Documents\teste-genisis\vendor\codeigniter4\framework\system\Database\MySQLi\Connection.php:201
Stack trace:
#0 C:\Users\Mikael\Documents\teste-genisis\vendor\codeigniter4\framework\system\Database\MySQLi\Connection.php(201): mysqli->real_connect()
#1 C:\Users\Mikael\Documents\teste-genisis\vendor\codeigniter4\framework\system\Database\BaseConnection.php(555): CodeIgniter\Database\MySQLi\Connection->connect()
#2 C:\Users\Mikael\Documents\teste-genisis\vendor\codeigniter4\framework\system\Database\BaseConnection.php(795): CodeIgniter\Database\BaseConnection->initialize()
#3 C:\Users\Mikael\Documents\teste-genisis\vendor\codeigniter4\framework\system\Database\BaseBuilder.php(1649): CodeIgniter\Database\BaseConnection->query()
#4 C:\Users\Mikael\Documents\teste-genisis\vendor\codeigniter4\framework\system\Model.php(253): CodeIgniter\Database\BaseBuilder->get()
#5 C:\Users\Mikael\Documents\teste-genisis\vendor\codeigniter4\framework\system\BaseModel.php(676): CodeIgniter\Model->doFindAll()
#6 C:\Users\Mikael\Documents\teste-genisis\app\Services\PatrimonioService.php(15): CodeIgniter\BaseModel->findAll()
#7 C:\Users\Mikael\Documents\teste-genisis\app\Controllers\PatrimonioController.php(22): App\Services\PatrimonioService->listar()
#8 C:\Users\Mikael\Documents\teste-genisis\vendor\codeigniter4\framework\system\CodeIgniter.php(951): App\Controllers\PatrimonioController->index()
#9 C:\Users\Mikael\Documents\teste-genisis\vendor\codeigniter4\framework\system\CodeIgniter.php(497): CodeIgniter\CodeIgniter->runController()
#10 C:\Users\Mikael\Documents\teste-genisis\vendor\codeigniter4\framework\system\CodeIgniter.php(340): CodeIgniter\CodeIgniter->handleRequest()
#11 C:\Users\Mikael\Documents\teste-genisis\vendor\codeigniter4\framework\system\Boot.php(417): CodeIgniter\CodeIgniter->run()
#12 C:\Users\Mikael\Documents\teste-genisis\vendor\codeigniter4\framework\system\Boot.php(68): CodeIgniter\Boot::runCodeIgniter()
#13 C:\Users\Mikael\Documents\teste-genisis\public\index.php(59): CodeIgniter\Boot::bootWeb()
#14 C:\Users\Mikael\Documents\teste-genisis\vendor\codeigniter4\framework\system\rewrite.php(44): require_once('...')
#15 {main}

Next CodeIgniter\Database\Exceptions\DatabaseException: Unknown database 'ci4' in C:\Users\Mikael\Documents\teste-genisis\vendor\codeigniter4\framework\system\Database\MySQLi\Connection.php:231
Stack trace:
#0 C:\Users\Mikael\Documents\teste-genisis\vendor\codeigniter4\framework\system\Database\BaseConnection.php(555): CodeIgniter\Database\MySQLi\Connection->connect()
#1 C:\Users\Mikael\Documents\teste-genisis\vendor\codeigniter4\framework\system\Database\BaseConnection.php(795): CodeIgniter\Database\BaseConnection->initialize()
#2 C:\Users\Mikael\Documents\teste-genisis\vendor\codeigniter4\framework\system\Database\BaseBuilder.php(1649): CodeIgniter\Database\BaseConnection->query()
#3 C:\Users\Mikael\Documents\teste-genisis\vendor\codeigniter4\framework\system\Model.php(253): CodeIgniter\Database\BaseBuilder->get()
#4 C:\Users\Mikael\Documents\teste-genisis\vendor\codeigniter4\framework\system\BaseModel.php(676): CodeIgniter\Model->doFindAll()
#5 C:\Users\Mikael\Documents\teste-genisis\app\Services\PatrimonioService.php(15): CodeIgniter\BaseModel->findAll()
#6 C:\Users\Mikael\Documents\teste-genisis\app\Controllers\PatrimonioController.php(22): App\Services\PatrimonioService->listar()
#7 C:\Users\Mikael\Documents\teste-genisis\vendor\codeigniter4\framework\system\CodeIgniter.php(951): App\Controllers\PatrimonioController->index()
#8 C:\Users\Mikael\Documents\teste-genisis\vendor\codeigniter4\framework\system\CodeIgniter.php(497): CodeIgniter\CodeIgniter->runController()
#9 C:\Users\Mikael\Documents\teste-genisis\vendor\codeigniter4\framework\system\CodeIgniter.php(340): CodeIgniter\CodeIgniter->handleRequest()
#10 C:\Users\Mikael\Documents\teste-genisis\vendor\codeigniter4\framework\system\Boot.php(417): CodeIgniter\CodeIgniter->run()
#11 C:\Users\Mikael\Documents\teste-genisis\vendor\codeigniter4\framework\system\Boot.php(68): CodeIgniter\Boot::runCodeIgniter()
#12 C:\Users\Mikael\Documents\teste-genisis\public\index.php(59): CodeIgniter\Boot::bootWeb()
#13 C:\Users\Mikael\Documents\teste-genisis\vendor\codeigniter4\framework\system\rewrite.php(44): require_once('...')
#14 {main}
CRITICAL - 2026-05-09 22:47:55 --> CodeIgniter\Database\Exceptions\DatabaseException: Unable to connect to the database.
Main connection [MySQLi]: Unknown database 'ci4'
[Method: GET, Route: patrimonios]
in SYSTEMPATH\Database\BaseConnection.php on line 606.
 1 SYSTEMPATH\Database\BaseConnection.php(795): CodeIgniter\Database\BaseConnection->initialize()
 2 SYSTEMPATH\Database\BaseBuilder.php(1649): CodeIgniter\Database\BaseConnection->query()
 3 SYSTEMPATH\Model.php(253): CodeIgniter\Database\BaseBuilder->get()
 4 SYSTEMPATH\BaseModel.php(676): CodeIgniter\Model->doFindAll()
 5 APPPATH\Services\PatrimonioService.php(15): CodeIgniter\BaseModel->findAll()
 6 APPPATH\Controllers\PatrimonioController.php(22): App\Services\PatrimonioService->listar()
 7 SYSTEMPATH\CodeIgniter.php(951): App\Controllers\PatrimonioController->index()
 8 SYSTEMPATH\CodeIgniter.php(497): CodeIgniter\CodeIgniter->runController()
 9 SYSTEMPATH\CodeIgniter.php(340): CodeIgniter\CodeIgniter->handleRequest()
10 SYSTEMPATH\Boot.php(417): CodeIgniter\CodeIgniter->run()
11 SYSTEMPATH\Boot.php(68): CodeIgniter\Boot::runCodeIgniter()
12 FCPATH\index.php(59): CodeIgniter\Boot::bootWeb()
13 SYSTEMPATH\rewrite.php(44): require_once('C:\\Users\\Mikael\\Documents\\teste-genisis\\public\\index.php')
CRITICAL - 2026-05-09 22:50:14 --> ErrorException: Maximum execution time of 30 seconds exceeded
[Method: GET, Route: patrimonios]
in SYSTEMPATH\Debug\Exceptions.php on line 197.
 1 [internal function]: CodeIgniter\Debug\Exceptions->shutdownHandler()
CRITICAL - 2026-05-09 22:53:56 --> Error: Class "CodeIgniter\Database\postgres\Connection" not found
[Method: GET, Route: patrimonios]
in SYSTEMPATH\Database\Database.php on line 147.
 1 SYSTEMPATH\Database\Database.php(61): CodeIgniter\Database\Database->initDriver()
 2 SYSTEMPATH\Database\Config.php(82): CodeIgniter\Database\Database->load()
 3 SYSTEMPATH\Model.php(150): CodeIgniter\Database\Config::connect()
 4 APPPATH\Services\PatrimonioService.php(11): CodeIgniter\Model->__construct()
 5 APPPATH\Controllers\PatrimonioController.php(16): App\Services\PatrimonioService->__construct()
 6 SYSTEMPATH\CodeIgniter.php(921): App\Controllers\PatrimonioController->__construct()
 7 SYSTEMPATH\CodeIgniter.php(488): CodeIgniter\CodeIgniter->createController()
 8 SYSTEMPATH\CodeIgniter.php(340): CodeIgniter\CodeIgniter->handleRequest()
 9 SYSTEMPATH\Boot.php(417): CodeIgniter\CodeIgniter->run()
10 SYSTEMPATH\Boot.php(68): CodeIgniter\Boot::runCodeIgniter()
11 FCPATH\index.php(59): CodeIgniter\Boot::bootWeb()
12 SYSTEMPATH\rewrite.php(44): require_once('C:\\Users\\Mikael\\Documents\\teste-genisis\\public\\index.php')
CRITICAL - 2026-05-09 22:54:54 --> Error: Class "CodeIgniter\Database\Postgres\Connection" not found
[Method: GET, Route: patrimonios]
in SYSTEMPATH\Database\Database.php on line 147.
 1 SYSTEMPATH\Database\Database.php(61): CodeIgniter\Database\Database->initDriver()
 2 SYSTEMPATH\Database\Config.php(82): CodeIgniter\Database\Database->load()
 3 SYSTEMPATH\Model.php(150): CodeIgniter\Database\Config::connect()
 4 APPPATH\Services\PatrimonioService.php(11): CodeIgniter\Model->__construct()
 5 APPPATH\Controllers\PatrimonioController.php(16): App\Services\PatrimonioService->__construct()
 6 SYSTEMPATH\CodeIgniter.php(921): App\Controllers\PatrimonioController->__construct()
 7 SYSTEMPATH\CodeIgniter.php(488): CodeIgniter\CodeIgniter->createController()
 8 SYSTEMPATH\CodeIgniter.php(340): CodeIgniter\CodeIgniter->handleRequest()
 9 SYSTEMPATH\Boot.php(417): CodeIgniter\CodeIgniter->run()
10 SYSTEMPATH\Boot.php(68): CodeIgniter\Boot::runCodeIgniter()
11 FCPATH\index.php(59): CodeIgniter\Boot::bootWeb()
12 SYSTEMPATH\rewrite.php(44): require_once('C:\\Users\\Mikael\\Documents\\teste-genisis\\public\\index.php')
